// Jest Snapshot v1, https://goo.gl/fbAQLP

exports[`<Button /> renders correctly 1`] = `
<button
  className="Button Button--green"
  disabled={false}
  onClick={[Function]}
  type="button"
>
  Click Me
</button>
`;
