// Jest Snapshot v1, https://goo.gl/fbAQLP

exports[`<PDFReader /> when props is valid renders correctly 1`] = `
ShallowWrapper {
  "complexSelector": ComplexSelector {
    "buildPredicate": [Function],
    "childrenOfNode": [Function],
    "findWhereUnwrapped": [Function],
  },
  "length": 1,
  "node": <div>
    <Document
        className="custom-document-view"
        file="transcript"
        onLoadSuccess={[Function]}
    >
        <Page
            pageNumber={null}
        />
    </Document>
</div>,
  "nodes": Array [
    <div>
      <Document
            className="custom-document-view"
            file="transcript"
            onLoadSuccess={[Function]}
      >
            <Page
                  pageNumber={null}
            />
      </Document>
</div>,
  ],
  "options": Object {},
  "renderer": ReactShallowRenderer {
    "_instance": ShallowComponentWrapper {
      "_calledComponentWillUnmount": false,
      "_compositeType": 0,
      "_context": Object {},
      "_currentElement": <MyPdfViewer
        transcript="transcript"
/>,
      "_debugID": 1,
      "_hostContainerInfo": null,
      "_hostParent": null,
      "_instance": MyPdfViewer {
        "_reactInternalInstance": [Circular],
        "context": Object {},
        "onDocumentComplete": [Function],
        "props": Object {
          "transcript": "transcript",
        },
        "refs": Object {},
        "state": Object {
          "page": null,
        },
        "updater": Object {
          "enqueueCallback": [Function],
          "enqueueCallbackInternal": [Function],
          "enqueueElementInternal": [Function],
          "enqueueForceUpdate": [Function],
          "enqueueReplaceState": [Function],
          "enqueueSetState": [Function],
          "isMounted": [Function],
          "validateCallback": [Function],
        },
      },
      "_mountOrder": 1,
      "_pendingCallbacks": null,
      "_pendingElement": null,
      "_pendingForceUpdate": false,
      "_pendingReplaceState": false,
      "_pendingStateQueue": null,
      "_renderedComponent": NoopInternalComponent {
        "_currentElement": <div>
          <Document
                    className="custom-document-view"
                    file="transcript"
                    onLoadSuccess={[Function]}
          >
                    <Page
                              pageNumber={null}
                    />
          </Document>
</div>,
        "_debugID": 2,
        "_renderedOutput": <div>
          <Document
                    className="custom-document-view"
                    file="transcript"
                    onLoadSuccess={[Function]}
          >
                    <Page
                              pageNumber={null}
                    />
          </Document>
</div>,
      },
      "_renderedNodeType": 0,
      "_rootNodeID": 0,
      "_topLevelWrapper": null,
      "_updateBatchNumber": null,
      "_warnedAboutRefsInRender": false,
    },
    "getRenderOutput": [Function],
    "render": [Function],
  },
  "root": [Circular],
  "unrendered": <MyPdfViewer
    transcript="transcript"
/>,
}
`;
