// Jest Snapshot v1, https://goo.gl/fbAQLP

exports[`<Avatar> renders correctly 1`] = `
<img
  alt="Profile photo"
  className="$Avatar"
  src="https://example.com/assets/img/cat.jpg"
/>
`;
