// Jest Snapshot v1, https://goo.gl/fbAQLP

exports[`<TableData /> renders correctly 1`] = `
<td
  className="TableData"
>
  React
</td>
`;
