// Jest Snapshot v1, https://goo.gl/fbAQLP

exports[`containers/ProfileOrganisation/components/PageContent when editMode is false renders correctly 1`] = `
<div
  className="container"
>
  <div
    className="row"
  >
    <div
      className="col-xs-12 col-md-8"
    >
      <div
        className="ContentCard col-xs-12 "
      >
        <div
          className="ContentCard-wrapper"
        >
          <h3
            className="ContentCard-title"
          >
            About
          </h3>
        </div>
      </div>
      <div
        className="ContentCard col-xs-12 "
      >
        <div
          className="ContentCard-wrapper"
        >
          <h3
            className="ContentCard-title"
          >
            Verified Employees
          </h3>
          <div
            className="row"
          >
            <div
              className="col-xs-6 col-sm-4"
            >
              <div
                className="AvatarBig"
              >
                <img
                  alt="jane doe"
                  src="appii-placeholder.png"
                />
                <p>
                  <a
                    href="/profile/jane"
                    onClick={[Function]}
                    title="jane doe"
                  >
                    jane doe
                  </a>
                  <span
                    title="hello"
                  >
                    hello
                  </span>
                </p>
              </div>
            </div>
            <div
              className="col-xs-6 col-sm-4"
            >
              <div
                className="AvatarBig"
              >
                <img
                  alt="john doe"
                  src="https://profile_image"
                />
                <p>
                  <a
                    href="/profile/21"
                    onClick={[Function]}
                    title="john doe"
                  >
                    john doe
                  </a>
                  <span
                    title="hello"
                  >
                    hello
                  </span>
                </p>
              </div>
            </div>
          </div>
        </div>
      </div>
    </div>
    <div
      className="col-md-4 hidden-sm hidden-xs"
    >
      <ul
        className="TagList"
      >
        <li>
          UX
        </li>
        <li>
          JS
        </li>
        <li>
          UI
        </li>
      </ul>
    </div>
  </div>
</div>
`;

exports[`containers/ProfileOrganisation/components/PageContent when editMode is true renders correctly 1`] = `
<div
  className="container ProfileOrganisation-Edit"
>
  <div
    className="row"
  >
    <div
      className="col-xs-12 col-md-8"
    >
      <div
        className="ContentCard col-xs-12 "
      >
        <div
          className="ContentCard-wrapper"
        >
          <h3
            className="ContentCard-title"
          >
            About
          </h3>
          <form>
            <div
              className="form-group"
            >
              <textarea
                className="edit-text-area"
                defaultValue={undefined}
                name="about_us"
                onChange={[Function]}
              />
            </div>
          </form>
        </div>
      </div>
      <div
        className="hidden-md hidden-lg"
      >
        <div
          className="ContentCard col-xs-12 DetailsEdit"
        >
          <div
            className="ContentCard-wrapper"
          >
            <h3
              className="ContentCard-title"
            >
              Details
            </h3>
            <form>
              <div
                className="form-group "
              >
                <label>
                  Name
                </label>
                <input
                  name="name"
                  onChange={[Function]}
                  placeholder="Company name"
                  required={false}
                  type="text"
                  value="Applied Blockchain"
                />
              </div>
              <div
                className="form-group"
              >
                <label>
                  Size
                </label>
                <div
                  className="Select is-clearable is-searchable Select--single"
                  style={undefined}
                >
                  <div
                    className="Select-control"
                    onKeyDown={[Function]}
                    onMouseDown={[Function]}
                    onTouchEnd={[Function]}
                    onTouchMove={[Function]}
                    onTouchStart={[Function]}
                    style={undefined}
                  >
                    <span
                      className="Select-multi-value-wrapper"
                      id="react-select-2--value"
                    >
                      <div
                        className="Select-placeholder"
                      >
                        Select...
                      </div>
                      <div
                        className="Select-input"
                        style={
                          Object {
                            "display": "inline-block",
                          }
                        }
                      >
                        <input
                          aria-activedescendant="react-select-2--value"
                          aria-describedby={undefined}
                          aria-expanded="false"
                          aria-haspopup="false"
                          aria-label={undefined}
                          aria-labelledby={undefined}
                          aria-owns=""
                          className={undefined}
                          id={undefined}
                          onBlur={[Function]}
                          onChange={[Function]}
                          onFocus={[Function]}
                          required={false}
                          role="combobox"
                          style={
                            Object {
                              "boxSizing": "content-box",
                              "width": "5px",
                            }
                          }
                          tabIndex={undefined}
                          value=""
                        />
                        <div
                          style={
                            Object {
                              "height": 0,
                              "left": 0,
                              "overflow": "scroll",
                              "position": "absolute",
                              "top": 0,
                              "visibility": "hidden",
                              "whiteSpace": "pre",
                            }
                          }
                        >
                          
                        </div>
                      </div>
                    </span>
                    <span
                      className="Select-arrow-zone"
                      onMouseDown={[Function]}
                    >
                      <span
                        className="Select-arrow"
                        onMouseDown={[Function]}
                      />
                    </span>
                  </div>
                </div>
              </div>
              <div
                className="form-group"
              >
                <label>
                  Location
                </label>
                <div>
                  <input
                    placeholder="Enter your address"
                  />
                </div>
              </div>
              <div
                className="form-group"
              >
                <label>
                  Industry
                </label>
                <div
                  className="Select is-clearable is-searchable Select--single"
                  style={undefined}
                >
                  <div
                    className="Select-control"
                    onKeyDown={[Function]}
                    onMouseDown={[Function]}
                    onTouchEnd={[Function]}
                    onTouchMove={[Function]}
                    onTouchStart={[Function]}
                    style={undefined}
                  >
                    <span
                      className="Select-multi-value-wrapper"
                      id="react-select-3--value"
                    >
                      <div
                        className="Select-placeholder"
                      >
                        Select...
                      </div>
                      <div
                        className="Select-input"
                        style={
                          Object {
                            "display": "inline-block",
                          }
                        }
                      >
                        <input
                          aria-activedescendant="react-select-3--value"
                          aria-describedby={undefined}
                          aria-expanded="false"
                          aria-haspopup="false"
                          aria-label={undefined}
                          aria-labelledby={undefined}
                          aria-owns=""
                          className={undefined}
                          id={undefined}
                          onBlur={[Function]}
                          onChange={[Function]}
                          onFocus={[Function]}
                          required={false}
                          role="combobox"
                          style={
                            Object {
                              "boxSizing": "content-box",
                              "width": "5px",
                            }
                          }
                          tabIndex={undefined}
                          value=""
                        />
                        <div
                          style={
                            Object {
                              "height": 0,
                              "left": 0,
                              "overflow": "scroll",
                              "position": "absolute",
                              "top": 0,
                              "visibility": "hidden",
                              "whiteSpace": "pre",
                            }
                          }
                        >
                          
                        </div>
                      </div>
                    </span>
                    <span
                      className="Select-arrow-zone"
                      onMouseDown={[Function]}
                    >
                      <span
                        className="Select-arrow"
                        onMouseDown={[Function]}
                      />
                    </span>
                  </div>
                </div>
              </div>
              <div
                className="form-group "
              >
                <label>
                  Year Founded
                </label>
                <input
                  name="year_founded"
                  onChange={[Function]}
                  placeholder="YYYY"
                  required={false}
                  type="text"
                  value=""
                />
              </div>
            </form>
          </div>
        </div>
        <div
          className="ContentCard col-xs-12 SpecialitiesEdit"
        >
          <div
            className="ContentCard-wrapper"
          >
            <h3
              className="ContentCard-title"
            >
              Specialities
            </h3>
            <ul
              className="TagList"
            >
              <li
                onClick={[Function]}
              >
                ux
                <span
                  className="TagList-remove"
                >
                  x
                </span>
              </li>
              <li
                onClick={[Function]}
              >
                js
                <span
                  className="TagList-remove"
                >
                  x
                </span>
              </li>
              <li
                onClick={[Function]}
              >
                ui
                <span
                  className="TagList-remove"
                >
                  x
                </span>
              </li>
            </ul>
            <form>
              <div
                className="form-group"
              >
                <input
                  onChange={[Function]}
                  placeholder="Type to add specialities"
                  type="text"
                  value=""
                />
                <button
                  className="btn blue-btn action-btn"
                  onClick={[Function]}
                >
                  Add
                </button>
              </div>
            </form>
          </div>
        </div>
      </div>
      <div
        className="ContentCard col-xs-12 edit-mode"
      >
        <div
          className="ContentCard-wrapper"
        >
          <h3
            className="ContentCard-title"
          >
            Verified Employees
          </h3>
          <div
            className="row"
          >
            <div
              className="col-xs-6 col-sm-4"
            >
              <div
                className="AvatarBig"
              >
                <img
                  alt="jane doe"
                  src="appii-placeholder.png"
                />
                <p>
                  <a
                    href="/profile/jane"
                    onClick={[Function]}
                    title="jane doe"
                  >
                    jane doe
                  </a>
                  <span
                    title="hello"
                  >
                    hello
                  </span>
                </p>
              </div>
            </div>
            <div
              className="col-xs-6 col-sm-4"
            >
              <div
                className="AvatarBig"
              >
                <img
                  alt="john doe"
                  src="https://profile_image"
                />
                <p>
                  <a
                    href="/profile/21"
                    onClick={[Function]}
                    title="john doe"
                  >
                    john doe
                  </a>
                  <span
                    title="hello"
                  >
                    hello
                  </span>
                </p>
              </div>
            </div>
          </div>
        </div>
      </div>
    </div>
    <div
      className="aside col-md-4 hidden-sm hidden-xs"
    >
      <a
        className="btn blue-btn"
        href="/organisations/12/verifications"
        onClick={[Function]}
      >
        View Verifications
      </a>
      <a
        className="btn blue-btn"
        href="/organisations/12/accreditations"
        onClick={[Function]}
      >
        Accreditations Admin
      </a>
      <a
        className="btn blue-btn"
        href="/organisations/12/admins"
        onClick={[Function]}
      >
        Manage Contacts
      </a>
      <div
        className="ContentCard col-xs-12 DetailsEdit"
      >
        <div
          className="ContentCard-wrapper"
        >
          <h3
            className="ContentCard-title"
          >
            Details
          </h3>
          <form>
            <div
              className="form-group "
            >
              <label>
                Name
              </label>
              <input
                name="name"
                onChange={[Function]}
                placeholder="Company name"
                required={false}
                type="text"
                value="Applied Blockchain"
              />
            </div>
            <div
              className="form-group"
            >
              <label>
                Size
              </label>
              <div
                className="Select is-clearable is-searchable Select--single"
                style={undefined}
              >
                <div
                  className="Select-control"
                  onKeyDown={[Function]}
                  onMouseDown={[Function]}
                  onTouchEnd={[Function]}
                  onTouchMove={[Function]}
                  onTouchStart={[Function]}
                  style={undefined}
                >
                  <span
                    className="Select-multi-value-wrapper"
                    id="react-select-4--value"
                  >
                    <div
                      className="Select-placeholder"
                    >
                      Select...
                    </div>
                    <div
                      className="Select-input"
                      style={
                        Object {
                          "display": "inline-block",
                        }
                      }
                    >
                      <input
                        aria-activedescendant="react-select-4--value"
                        aria-describedby={undefined}
                        aria-expanded="false"
                        aria-haspopup="false"
                        aria-label={undefined}
                        aria-labelledby={undefined}
                        aria-owns=""
                        className={undefined}
                        id={undefined}
                        onBlur={[Function]}
                        onChange={[Function]}
                        onFocus={[Function]}
                        required={false}
                        role="combobox"
                        style={
                          Object {
                            "boxSizing": "content-box",
                            "width": "5px",
                          }
                        }
                        tabIndex={undefined}
                        value=""
                      />
                      <div
                        style={
                          Object {
                            "height": 0,
                            "left": 0,
                            "overflow": "scroll",
                            "position": "absolute",
                            "top": 0,
                            "visibility": "hidden",
                            "whiteSpace": "pre",
                          }
                        }
                      >
                        
                      </div>
                    </div>
                  </span>
                  <span
                    className="Select-arrow-zone"
                    onMouseDown={[Function]}
                  >
                    <span
                      className="Select-arrow"
                      onMouseDown={[Function]}
                    />
                  </span>
                </div>
              </div>
            </div>
            <div
              className="form-group"
            >
              <label>
                Location
              </label>
              <div>
                <input
                  placeholder="Enter your address"
                />
              </div>
            </div>
            <div
              className="form-group"
            >
              <label>
                Industry
              </label>
              <div
                className="Select is-clearable is-searchable Select--single"
                style={undefined}
              >
                <div
                  className="Select-control"
                  onKeyDown={[Function]}
                  onMouseDown={[Function]}
                  onTouchEnd={[Function]}
                  onTouchMove={[Function]}
                  onTouchStart={[Function]}
                  style={undefined}
                >
                  <span
                    className="Select-multi-value-wrapper"
                    id="react-select-5--value"
                  >
                    <div
                      className="Select-placeholder"
                    >
                      Select...
                    </div>
                    <div
                      className="Select-input"
                      style={
                        Object {
                          "display": "inline-block",
                        }
                      }
                    >
                      <input
                        aria-activedescendant="react-select-5--value"
                        aria-describedby={undefined}
                        aria-expanded="false"
                        aria-haspopup="false"
                        aria-label={undefined}
                        aria-labelledby={undefined}
                        aria-owns=""
                        className={undefined}
                        id={undefined}
                        onBlur={[Function]}
                        onChange={[Function]}
                        onFocus={[Function]}
                        required={false}
                        role="combobox"
                        style={
                          Object {
                            "boxSizing": "content-box",
                            "width": "5px",
                          }
                        }
                        tabIndex={undefined}
                        value=""
                      />
                      <div
                        style={
                          Object {
                            "height": 0,
                            "left": 0,
                            "overflow": "scroll",
                            "position": "absolute",
                            "top": 0,
                            "visibility": "hidden",
                            "whiteSpace": "pre",
                          }
                        }
                      >
                        
                      </div>
                    </div>
                  </span>
                  <span
                    className="Select-arrow-zone"
                    onMouseDown={[Function]}
                  >
                    <span
                      className="Select-arrow"
                      onMouseDown={[Function]}
                    />
                  </span>
                </div>
              </div>
            </div>
            <div
              className="form-group "
            >
              <label>
                Year Founded
              </label>
              <input
                name="year_founded"
                onChange={[Function]}
                placeholder="YYYY"
                required={false}
                type="text"
                value=""
              />
            </div>
          </form>
        </div>
      </div>
      <div
        className="ContentCard col-xs-12 SpecialitiesEdit"
      >
        <div
          className="ContentCard-wrapper"
        >
          <h3
            className="ContentCard-title"
          >
            Specialities
          </h3>
          <ul
            className="TagList"
          >
            <li
              onClick={[Function]}
            >
              ux
              <span
                className="TagList-remove"
              >
                x
              </span>
            </li>
            <li
              onClick={[Function]}
            >
              js
              <span
                className="TagList-remove"
              >
                x
              </span>
            </li>
            <li
              onClick={[Function]}
            >
              ui
              <span
                className="TagList-remove"
              >
                x
              </span>
            </li>
          </ul>
          <form>
            <div
              className="form-group"
            >
              <input
                onChange={[Function]}
                placeholder="Type to add specialities"
                type="text"
                value=""
              />
              <button
                className="btn blue-btn action-btn"
                onClick={[Function]}
              >
                Add
              </button>
            </div>
          </form>
        </div>
      </div>
    </div>
  </div>
</div>
`;
